// Jest Snapshot v1, https://goo.gl/fbAQLP

exports[`renders navigationicon component correctly 1`] = `
<View
  accessible={true}
  collapsable={false}
  focusable={true}
  nativeID="animatedComponent"
  onClick={[Function]}
  onResponderGrant={[Function]}
  onResponderMove={[Function]}
  onResponderRelease={[Function]}
  onResponderTerminate={[Function]}
  onResponderTerminationRequest={[Function]}
  onStartShouldSetResponder={[Function]}
  style={
    Object {
      "height": 667,
      "justifyContent": "center",
      "opacity": 1,
    }
  }
  testID="arrow-navigate-before"
>
  <Text
    allowFontScaling={false}
    style={
      Array [
        Object {
          "color": "#fff",
          "fontSize": 50,
        },
        undefined,
        Object {
          "fontFamily": "Material Icons",
          "fontStyle": "normal",
          "fontWeight": "normal",
        },
        Object {},
      ]
    }
  >
    
  </Text>
</View>
`;
